CRITICAL - 2025-04-07 08:10:08 --> CodeIgniter\Database\Exceptions\DatabaseException: You must set the database table to be used with your query.
[Method: GET, Route: api/yatra/stops]
in SYSTEMPATH\Database\BaseConnection.php on line 927.
 1 SYSTEMPATH\Model.php(716): CodeIgniter\Database\BaseConnection->table(null)
 2 SYSTEMPATH\Model.php(922): CodeIgniter\Model->builder()
 3 APPPATH\Controllers\YatraProgress.php(15): CodeIgniter\Model->__call('getStopsWithRoutes', [])
 4 SYSTEMPATH\CodeIgniter.php(933): App\Controllers\YatraProgress->listStops()
 5 SYSTEMPATH\CodeIgniter.php(509): CodeIgniter\CodeIgniter->runController(Object(App\Controllers\YatraProgress))
 6 SYSTEMPATH\CodeIgniter.php(355): CodeIgniter\CodeIgniter->handleRequest(null, Object(Config\Cache), false)
 7 SYSTEMPATH\Boot.php(325): CodeIgniter\CodeIgniter->run()
 8 SYSTEMPATH\Boot.php(67): CodeIgniter\Boot::runCodeIgniter(Object(CodeIgniter\CodeIgniter))
 9 FCPATH\index.php(56): CodeIgniter\Boot::bootWeb(Object(Config\Paths))
10 SYSTEMPATH\rewrite.php(44): require_once('C:\\xampp\\htdocs\\CodeIgniter\\public\\index.php')
CRITICAL - 2025-04-07 08:10:29 --> CodeIgniter\Database\Exceptions\DatabaseException: You must set the database table to be used with your query.
[Method: GET, Route: api/yatra/stops]
in SYSTEMPATH\Database\BaseConnection.php on line 927.
 1 SYSTEMPATH\Model.php(716): CodeIgniter\Database\BaseConnection->table(null)
 2 SYSTEMPATH\Model.php(922): CodeIgniter\Model->builder()
 3 APPPATH\Controllers\YatraProgress.php(15): CodeIgniter\Model->__call('getStopsWithRoutes', [])
 4 SYSTEMPATH\CodeIgniter.php(933): App\Controllers\YatraProgress->listStops()
 5 SYSTEMPATH\CodeIgniter.php(509): CodeIgniter\CodeIgniter->runController(Object(App\Controllers\YatraProgress))
 6 SYSTEMPATH\CodeIgniter.php(355): CodeIgniter\CodeIgniter->handleRequest(null, Object(Config\Cache), false)
 7 SYSTEMPATH\Boot.php(325): CodeIgniter\CodeIgniter->run()
 8 SYSTEMPATH\Boot.php(67): CodeIgniter\Boot::runCodeIgniter(Object(CodeIgniter\CodeIgniter))
 9 FCPATH\index.php(56): CodeIgniter\Boot::bootWeb(Object(Config\Paths))
10 SYSTEMPATH\rewrite.php(44): require_once('C:\\xampp\\htdocs\\CodeIgniter\\public\\index.php')
CRITICAL - 2025-04-07 08:14:22 --> CodeIgniter\Database\Exceptions\DatabaseException: You must set the database table to be used with your query.
[Method: GET, Route: yatra/stops]
in SYSTEMPATH\Database\BaseConnection.php on line 927.
 1 SYSTEMPATH\Model.php(716): CodeIgniter\Database\BaseConnection->table(null)
 2 SYSTEMPATH\Model.php(922): CodeIgniter\Model->builder()
 3 APPPATH\Controllers\YatraProgress.php(15): CodeIgniter\Model->__call('getStopsWithRoutes', [])
 4 SYSTEMPATH\CodeIgniter.php(933): App\Controllers\YatraProgress->listStops()
 5 SYSTEMPATH\CodeIgniter.php(509): CodeIgniter\CodeIgniter->runController(Object(App\Controllers\YatraProgress))
 6 SYSTEMPATH\CodeIgniter.php(355): CodeIgniter\CodeIgniter->handleRequest(null, Object(Config\Cache), false)
 7 SYSTEMPATH\Boot.php(325): CodeIgniter\CodeIgniter->run()
 8 SYSTEMPATH\Boot.php(67): CodeIgniter\Boot::runCodeIgniter(Object(CodeIgniter\CodeIgniter))
 9 FCPATH\index.php(56): CodeIgniter\Boot::bootWeb(Object(Config\Paths))
10 SYSTEMPATH\rewrite.php(44): require_once('C:\\xampp\\htdocs\\CodeIgniter\\public\\index.php')
CRITICAL - 2025-04-07 08:15:41 --> Error: Class "App\Models\YatraStopModel" not found
[Method: GET, Route: yatra/stops]
in APPPATH\Controllers\YatraProgress.php on line 14.
 1 SYSTEMPATH\CodeIgniter.php(933): App\Controllers\YatraProgress->listStops()
 2 SYSTEMPATH\CodeIgniter.php(509): CodeIgniter\CodeIgniter->runController(Object(App\Controllers\YatraProgress))
 3 SYSTEMPATH\CodeIgniter.php(355): CodeIgniter\CodeIgniter->handleRequest(null, Object(Config\Cache), false)
 4 SYSTEMPATH\Boot.php(325): CodeIgniter\CodeIgniter->run()
 5 SYSTEMPATH\Boot.php(67): CodeIgniter\Boot::runCodeIgniter(Object(CodeIgniter\CodeIgniter))
 6 FCPATH\index.php(56): CodeIgniter\Boot::bootWeb(Object(Config\Paths))
 7 SYSTEMPATH\rewrite.php(44): require_once('C:\\xampp\\htdocs\\CodeIgniter\\public\\index.php')
ERROR - 2025-04-07 08:16:44 --> Error connecting to the database: mysqli_sql_exception: No connection could be made because the target machine actively refused it in C:\xampp\htdocs\CodeIgniter\system\Database\MySQLi\Connection.php:186
Stack trace:
#0 C:\xampp\htdocs\CodeIgniter\system\Database\MySQLi\Connection.php(186): mysqli->real_connect('localhost', 'root', Object(SensitiveParameterValue), 'palkhi_tracker_...', 3306, '', 0)
#1 C:\xampp\htdocs\CodeIgniter\system\Database\BaseConnection.php(421): CodeIgniter\Database\MySQLi\Connection->connect(false)
#2 C:\xampp\htdocs\CodeIgniter\system\Database\BaseConnection.php(616): CodeIgniter\Database\BaseConnection->initialize()
#3 C:\xampp\htdocs\CodeIgniter\system\Database\BaseBuilder.php(1644): CodeIgniter\Database\BaseConnection->query('SELECT *\nFROM `...', Array, false)
#4 C:\xampp\htdocs\CodeIgniter\app\Models\YatraStopModel.php(18): CodeIgniter\Database\BaseBuilder->get()
#5 C:\xampp\htdocs\CodeIgniter\app\Controllers\YatraProgress.php(15): App\Models\YatraStopModel->getStopsWithRoutes()
#6 C:\xampp\htdocs\CodeIgniter\system\CodeIgniter.php(933): App\Controllers\YatraProgress->listStops()
#7 C:\xampp\htdocs\CodeIgniter\system\CodeIgniter.php(509): CodeIgniter\CodeIgniter->runController(Object(App\Controllers\YatraProgress))
#8 C:\xampp\htdocs\CodeIgniter\system\CodeIgniter.php(355): CodeIgniter\CodeIgniter->handleRequest(NULL, Object(Config\Cache), false)
#9 C:\xampp\htdocs\CodeIgniter\system\Boot.php(325): CodeIgniter\CodeIgniter->run()
#10 C:\xampp\htdocs\CodeIgniter\system\Boot.php(67): CodeIgniter\Boot::runCodeIgniter(Object(CodeIgniter\CodeIgniter))
#11 C:\xampp\htdocs\CodeIgniter\public\index.php(56): CodeIgniter\Boot::bootWeb(Object(Config\Paths))
#12 C:\xampp\htdocs\CodeIgniter\system\rewrite.php(44): require_once('C:\\xampp\\htdocs...')
#13 {main}

Next CodeIgniter\Database\Exceptions\DatabaseException: No connection could be made because the target machine actively refused it in C:\xampp\htdocs\CodeIgniter\system\Database\MySQLi\Connection.php:231
Stack trace:
#0 C:\xampp\htdocs\CodeIgniter\system\Database\BaseConnection.php(421): CodeIgniter\Database\MySQLi\Connection->connect(false)
#1 C:\xampp\htdocs\CodeIgniter\system\Database\BaseConnection.php(616): CodeIgniter\Database\BaseConnection->initialize()
#2 C:\xampp\htdocs\CodeIgniter\system\Database\BaseBuilder.php(1644): CodeIgniter\Database\BaseConnection->query('SELECT *\nFROM `...', Array, false)
#3 C:\xampp\htdocs\CodeIgniter\app\Models\YatraStopModel.php(18): CodeIgniter\Database\BaseBuilder->get()
#4 C:\xampp\htdocs\CodeIgniter\app\Controllers\YatraProgress.php(15): App\Models\YatraStopModel->getStopsWithRoutes()
#5 C:\xampp\htdocs\CodeIgniter\system\CodeIgniter.php(933): App\Controllers\YatraProgress->listStops()
#6 C:\xampp\htdocs\CodeIgniter\system\CodeIgniter.php(509): CodeIgniter\CodeIgniter->runController(Object(App\Controllers\YatraProgress))
#7 C:\xampp\htdocs\CodeIgniter\system\CodeIgniter.php(355): CodeIgniter\CodeIgniter->handleRequest(NULL, Object(Config\Cache), false)
#8 C:\xampp\htdocs\CodeIgniter\system\Boot.php(325): CodeIgniter\CodeIgniter->run()
#9 C:\xampp\htdocs\CodeIgniter\system\Boot.php(67): CodeIgniter\Boot::runCodeIgniter(Object(CodeIgniter\CodeIgniter))
#10 C:\xampp\htdocs\CodeIgniter\public\index.php(56): CodeIgniter\Boot::bootWeb(Object(Config\Paths))
#11 C:\xampp\htdocs\CodeIgniter\system\rewrite.php(44): require_once('C:\\xampp\\htdocs...')
#12 {main}
CRITICAL - 2025-04-07 08:16:44 --> CodeIgniter\Database\Exceptions\DatabaseException: Unable to connect to the database.
Main connection [MySQLi]: No connection could be made because the target machine actively refused it
[Method: GET, Route: yatra/stops]
in SYSTEMPATH\Database\BaseConnection.php on line 467.
 1 SYSTEMPATH\Database\BaseConnection.php(616): CodeIgniter\Database\BaseConnection->initialize()
 2 SYSTEMPATH\Database\BaseBuilder.php(1644): CodeIgniter\Database\BaseConnection->query('SELECT *
FROM `yatra_stops`
ORDER BY `date` ASC', [], false)
 3 APPPATH\Models\YatraStopModel.php(18): CodeIgniter\Database\BaseBuilder->get()
 4 APPPATH\Controllers\YatraProgress.php(15): App\Models\YatraStopModel->getStopsWithRoutes()
 5 SYSTEMPATH\CodeIgniter.php(933): App\Controllers\YatraProgress->listStops()
 6 SYSTEMPATH\CodeIgniter.php(509): CodeIgniter\CodeIgniter->runController(Object(App\Controllers\YatraProgress))
 7 SYSTEMPATH\CodeIgniter.php(355): CodeIgniter\CodeIgniter->handleRequest(null, Object(Config\Cache), false)
 8 SYSTEMPATH\Boot.php(325): CodeIgniter\CodeIgniter->run()
 9 SYSTEMPATH\Boot.php(67): CodeIgniter\Boot::runCodeIgniter(Object(CodeIgniter\CodeIgniter))
10 FCPATH\index.php(56): CodeIgniter\Boot::bootWeb(Object(Config\Paths))
11 SYSTEMPATH\rewrite.php(44): require_once('C:\\xampp\\htdocs\\CodeIgniter\\public\\index.php')
ERROR - 2025-04-07 08:16:57 --> Error connecting to the database: mysqli_sql_exception: Host 'localhost' is not allowed to connect to this MariaDB server in C:\xampp\htdocs\CodeIgniter\system\Database\MySQLi\Connection.php:186
Stack trace:
#0 C:\xampp\htdocs\CodeIgniter\system\Database\MySQLi\Connection.php(186): mysqli->real_connect('localhost', 'root', Object(SensitiveParameterValue), 'palkhi_tracker_...', 3306, '', 0)
#1 C:\xampp\htdocs\CodeIgniter\system\Database\BaseConnection.php(421): CodeIgniter\Database\MySQLi\Connection->connect(false)
#2 C:\xampp\htdocs\CodeIgniter\system\Database\BaseConnection.php(616): CodeIgniter\Database\BaseConnection->initialize()
#3 C:\xampp\htdocs\CodeIgniter\system\Database\BaseBuilder.php(1644): CodeIgniter\Database\BaseConnection->query('SELECT *\nFROM `...', Array, false)
#4 C:\xampp\htdocs\CodeIgniter\app\Models\YatraStopModel.php(18): CodeIgniter\Database\BaseBuilder->get()
#5 C:\xampp\htdocs\CodeIgniter\app\Controllers\YatraProgress.php(15): App\Models\YatraStopModel->getStopsWithRoutes()
#6 C:\xampp\htdocs\CodeIgniter\system\CodeIgniter.php(933): App\Controllers\YatraProgress->listStops()
#7 C:\xampp\htdocs\CodeIgniter\system\CodeIgniter.php(509): CodeIgniter\CodeIgniter->runController(Object(App\Controllers\YatraProgress))
#8 C:\xampp\htdocs\CodeIgniter\system\CodeIgniter.php(355): CodeIgniter\CodeIgniter->handleRequest(NULL, Object(Config\Cache), false)
#9 C:\xampp\htdocs\CodeIgniter\system\Boot.php(325): CodeIgniter\CodeIgniter->run()
#10 C:\xampp\htdocs\CodeIgniter\system\Boot.php(67): CodeIgniter\Boot::runCodeIgniter(Object(CodeIgniter\CodeIgniter))
#11 C:\xampp\htdocs\CodeIgniter\public\index.php(56): CodeIgniter\Boot::bootWeb(Object(Config\Paths))
#12 C:\xampp\htdocs\CodeIgniter\system\rewrite.php(44): require_once('C:\\xampp\\htdocs...')
#13 {main}

Next CodeIgniter\Database\Exceptions\DatabaseException: Host 'localhost' is not allowed to connect to this MariaDB server in C:\xampp\htdocs\CodeIgniter\system\Database\MySQLi\Connection.php:231
Stack trace:
#0 C:\xampp\htdocs\CodeIgniter\system\Database\BaseConnection.php(421): CodeIgniter\Database\MySQLi\Connection->connect(false)
#1 C:\xampp\htdocs\CodeIgniter\system\Database\BaseConnection.php(616): CodeIgniter\Database\BaseConnection->initialize()
#2 C:\xampp\htdocs\CodeIgniter\system\Database\BaseBuilder.php(1644): CodeIgniter\Database\BaseConnection->query('SELECT *\nFROM `...', Array, false)
#3 C:\xampp\htdocs\CodeIgniter\app\Models\YatraStopModel.php(18): CodeIgniter\Database\BaseBuilder->get()
#4 C:\xampp\htdocs\CodeIgniter\app\Controllers\YatraProgress.php(15): App\Models\YatraStopModel->getStopsWithRoutes()
#5 C:\xampp\htdocs\CodeIgniter\system\CodeIgniter.php(933): App\Controllers\YatraProgress->listStops()
#6 C:\xampp\htdocs\CodeIgniter\system\CodeIgniter.php(509): CodeIgniter\CodeIgniter->runController(Object(App\Controllers\YatraProgress))
#7 C:\xampp\htdocs\CodeIgniter\system\CodeIgniter.php(355): CodeIgniter\CodeIgniter->handleRequest(NULL, Object(Config\Cache), false)
#8 C:\xampp\htdocs\CodeIgniter\system\Boot.php(325): CodeIgniter\CodeIgniter->run()
#9 C:\xampp\htdocs\CodeIgniter\system\Boot.php(67): CodeIgniter\Boot::runCodeIgniter(Object(CodeIgniter\CodeIgniter))
#10 C:\xampp\htdocs\CodeIgniter\public\index.php(56): CodeIgniter\Boot::bootWeb(Object(Config\Paths))
#11 C:\xampp\htdocs\CodeIgniter\system\rewrite.php(44): require_once('C:\\xampp\\htdocs...')
#12 {main}
CRITICAL - 2025-04-07 08:16:57 --> CodeIgniter\Database\Exceptions\DatabaseException: Unable to connect to the database.
Main connection [MySQLi]: Host 'localhost' is not allowed to connect to this MariaDB server
[Method: GET, Route: yatra/stops]
in SYSTEMPATH\Database\BaseConnection.php on line 467.
 1 SYSTEMPATH\Database\BaseConnection.php(616): CodeIgniter\Database\BaseConnection->initialize()
 2 SYSTEMPATH\Database\BaseBuilder.php(1644): CodeIgniter\Database\BaseConnection->query('SELECT *
FROM `yatra_stops`
ORDER BY `date` ASC', [], false)
 3 APPPATH\Models\YatraStopModel.php(18): CodeIgniter\Database\BaseBuilder->get()
 4 APPPATH\Controllers\YatraProgress.php(15): App\Models\YatraStopModel->getStopsWithRoutes()
 5 SYSTEMPATH\CodeIgniter.php(933): App\Controllers\YatraProgress->listStops()
 6 SYSTEMPATH\CodeIgniter.php(509): CodeIgniter\CodeIgniter->runController(Object(App\Controllers\YatraProgress))
 7 SYSTEMPATH\CodeIgniter.php(355): CodeIgniter\CodeIgniter->handleRequest(null, Object(Config\Cache), false)
 8 SYSTEMPATH\Boot.php(325): CodeIgniter\CodeIgniter->run()
 9 SYSTEMPATH\Boot.php(67): CodeIgniter\Boot::runCodeIgniter(Object(CodeIgniter\CodeIgniter))
10 FCPATH\index.php(56): CodeIgniter\Boot::bootWeb(Object(Config\Paths))
11 SYSTEMPATH\rewrite.php(44): require_once('C:\\xampp\\htdocs\\CodeIgniter\\public\\index.php')
ERROR - 2025-04-07 08:17:04 --> Error connecting to the database: mysqli_sql_exception: Host 'localhost' is not allowed to connect to this MariaDB server in C:\xampp\htdocs\CodeIgniter\system\Database\MySQLi\Connection.php:186
Stack trace:
#0 C:\xampp\htdocs\CodeIgniter\system\Database\MySQLi\Connection.php(186): mysqli->real_connect('localhost', 'root', Object(SensitiveParameterValue), 'palkhi_tracker_...', 3306, '', 0)
#1 C:\xampp\htdocs\CodeIgniter\system\Database\BaseConnection.php(421): CodeIgniter\Database\MySQLi\Connection->connect(false)
#2 C:\xampp\htdocs\CodeIgniter\system\Database\BaseConnection.php(616): CodeIgniter\Database\BaseConnection->initialize()
#3 C:\xampp\htdocs\CodeIgniter\system\Database\BaseBuilder.php(1644): CodeIgniter\Database\BaseConnection->query('SELECT *\nFROM `...', Array, false)
#4 C:\xampp\htdocs\CodeIgniter\app\Models\YatraStopModel.php(18): CodeIgniter\Database\BaseBuilder->get()
#5 C:\xampp\htdocs\CodeIgniter\app\Controllers\YatraProgress.php(15): App\Models\YatraStopModel->getStopsWithRoutes()
#6 C:\xampp\htdocs\CodeIgniter\system\CodeIgniter.php(933): App\Controllers\YatraProgress->listStops()
#7 C:\xampp\htdocs\CodeIgniter\system\CodeIgniter.php(509): CodeIgniter\CodeIgniter->runController(Object(App\Controllers\YatraProgress))
#8 C:\xampp\htdocs\CodeIgniter\system\CodeIgniter.php(355): CodeIgniter\CodeIgniter->handleRequest(NULL, Object(Config\Cache), false)
#9 C:\xampp\htdocs\CodeIgniter\system\Boot.php(325): CodeIgniter\CodeIgniter->run()
#10 C:\xampp\htdocs\CodeIgniter\system\Boot.php(67): CodeIgniter\Boot::runCodeIgniter(Object(CodeIgniter\CodeIgniter))
#11 C:\xampp\htdocs\CodeIgniter\public\index.php(56): CodeIgniter\Boot::bootWeb(Object(Config\Paths))
#12 C:\xampp\htdocs\CodeIgniter\system\rewrite.php(44): require_once('C:\\xampp\\htdocs...')
#13 {main}

Next CodeIgniter\Database\Exceptions\DatabaseException: Host 'localhost' is not allowed to connect to this MariaDB server in C:\xampp\htdocs\CodeIgniter\system\Database\MySQLi\Connection.php:231
Stack trace:
#0 C:\xampp\htdocs\CodeIgniter\system\Database\BaseConnection.php(421): CodeIgniter\Database\MySQLi\Connection->connect(false)
#1 C:\xampp\htdocs\CodeIgniter\system\Database\BaseConnection.php(616): CodeIgniter\Database\BaseConnection->initialize()
#2 C:\xampp\htdocs\CodeIgniter\system\Database\BaseBuilder.php(1644): CodeIgniter\Database\BaseConnection->query('SELECT *\nFROM `...', Array, false)
#3 C:\xampp\htdocs\CodeIgniter\app\Models\YatraStopModel.php(18): CodeIgniter\Database\BaseBuilder->get()
#4 C:\xampp\htdocs\CodeIgniter\app\Controllers\YatraProgress.php(15): App\Models\YatraStopModel->getStopsWithRoutes()
#5 C:\xampp\htdocs\CodeIgniter\system\CodeIgniter.php(933): App\Controllers\YatraProgress->listStops()
#6 C:\xampp\htdocs\CodeIgniter\system\CodeIgniter.php(509): CodeIgniter\CodeIgniter->runController(Object(App\Controllers\YatraProgress))
#7 C:\xampp\htdocs\CodeIgniter\system\CodeIgniter.php(355): CodeIgniter\CodeIgniter->handleRequest(NULL, Object(Config\Cache), false)
#8 C:\xampp\htdocs\CodeIgniter\system\Boot.php(325): CodeIgniter\CodeIgniter->run()
#9 C:\xampp\htdocs\CodeIgniter\system\Boot.php(67): CodeIgniter\Boot::runCodeIgniter(Object(CodeIgniter\CodeIgniter))
#10 C:\xampp\htdocs\CodeIgniter\public\index.php(56): CodeIgniter\Boot::bootWeb(Object(Config\Paths))
#11 C:\xampp\htdocs\CodeIgniter\system\rewrite.php(44): require_once('C:\\xampp\\htdocs...')
#12 {main}
CRITICAL - 2025-04-07 08:17:04 --> CodeIgniter\Database\Exceptions\DatabaseException: Unable to connect to the database.
Main connection [MySQLi]: Host 'localhost' is not allowed to connect to this MariaDB server
[Method: GET, Route: yatra/stops]
in SYSTEMPATH\Database\BaseConnection.php on line 467.
 1 SYSTEMPATH\Database\BaseConnection.php(616): CodeIgniter\Database\BaseConnection->initialize()
 2 SYSTEMPATH\Database\BaseBuilder.php(1644): CodeIgniter\Database\BaseConnection->query('SELECT *
FROM `yatra_stops`
ORDER BY `date` ASC', [], false)
 3 APPPATH\Models\YatraStopModel.php(18): CodeIgniter\Database\BaseBuilder->get()
 4 APPPATH\Controllers\YatraProgress.php(15): App\Models\YatraStopModel->getStopsWithRoutes()
 5 SYSTEMPATH\CodeIgniter.php(933): App\Controllers\YatraProgress->listStops()
 6 SYSTEMPATH\CodeIgniter.php(509): CodeIgniter\CodeIgniter->runController(Object(App\Controllers\YatraProgress))
 7 SYSTEMPATH\CodeIgniter.php(355): CodeIgniter\CodeIgniter->handleRequest(null, Object(Config\Cache), false)
 8 SYSTEMPATH\Boot.php(325): CodeIgniter\CodeIgniter->run()
 9 SYSTEMPATH\Boot.php(67): CodeIgniter\Boot::runCodeIgniter(Object(CodeIgniter\CodeIgniter))
10 FCPATH\index.php(56): CodeIgniter\Boot::bootWeb(Object(Config\Paths))
11 SYSTEMPATH\rewrite.php(44): require_once('C:\\xampp\\htdocs\\CodeIgniter\\public\\index.php')
ERROR - 2025-04-07 08:17:25 --> Error connecting to the database: mysqli_sql_exception: Host 'localhost' is not allowed to connect to this MariaDB server in C:\xampp\htdocs\CodeIgniter\system\Database\MySQLi\Connection.php:186
Stack trace:
#0 C:\xampp\htdocs\CodeIgniter\system\Database\MySQLi\Connection.php(186): mysqli->real_connect('localhost', 'root', Object(SensitiveParameterValue), 'palkhi_tracker_...', 3306, '', 0)
#1 C:\xampp\htdocs\CodeIgniter\system\Database\BaseConnection.php(421): CodeIgniter\Database\MySQLi\Connection->connect(false)
#2 C:\xampp\htdocs\CodeIgniter\system\Database\BaseConnection.php(616): CodeIgniter\Database\BaseConnection->initialize()
#3 C:\xampp\htdocs\CodeIgniter\system\Database\BaseBuilder.php(1644): CodeIgniter\Database\BaseConnection->query('SELECT *\nFROM `...', Array, false)
#4 C:\xampp\htdocs\CodeIgniter\app\Models\YatraStopModel.php(18): CodeIgniter\Database\BaseBuilder->get()
#5 C:\xampp\htdocs\CodeIgniter\app\Controllers\YatraProgress.php(15): App\Models\YatraStopModel->getStopsWithRoutes()
#6 C:\xampp\htdocs\CodeIgniter\system\CodeIgniter.php(933): App\Controllers\YatraProgress->listStops()
#7 C:\xampp\htdocs\CodeIgniter\system\CodeIgniter.php(509): CodeIgniter\CodeIgniter->runController(Object(App\Controllers\YatraProgress))
#8 C:\xampp\htdocs\CodeIgniter\system\CodeIgniter.php(355): CodeIgniter\CodeIgniter->handleRequest(NULL, Object(Config\Cache), false)
#9 C:\xampp\htdocs\CodeIgniter\system\Boot.php(325): CodeIgniter\CodeIgniter->run()
#10 C:\xampp\htdocs\CodeIgniter\system\Boot.php(67): CodeIgniter\Boot::runCodeIgniter(Object(CodeIgniter\CodeIgniter))
#11 C:\xampp\htdocs\CodeIgniter\public\index.php(56): CodeIgniter\Boot::bootWeb(Object(Config\Paths))
#12 C:\xampp\htdocs\CodeIgniter\system\rewrite.php(44): require_once('C:\\xampp\\htdocs...')
#13 {main}

Next CodeIgniter\Database\Exceptions\DatabaseException: Host 'localhost' is not allowed to connect to this MariaDB server in C:\xampp\htdocs\CodeIgniter\system\Database\MySQLi\Connection.php:231
Stack trace:
#0 C:\xampp\htdocs\CodeIgniter\system\Database\BaseConnection.php(421): CodeIgniter\Database\MySQLi\Connection->connect(false)
#1 C:\xampp\htdocs\CodeIgniter\system\Database\BaseConnection.php(616): CodeIgniter\Database\BaseConnection->initialize()
#2 C:\xampp\htdocs\CodeIgniter\system\Database\BaseBuilder.php(1644): CodeIgniter\Database\BaseConnection->query('SELECT *\nFROM `...', Array, false)
#3 C:\xampp\htdocs\CodeIgniter\app\Models\YatraStopModel.php(18): CodeIgniter\Database\BaseBuilder->get()
#4 C:\xampp\htdocs\CodeIgniter\app\Controllers\YatraProgress.php(15): App\Models\YatraStopModel->getStopsWithRoutes()
#5 C:\xampp\htdocs\CodeIgniter\system\CodeIgniter.php(933): App\Controllers\YatraProgress->listStops()
#6 C:\xampp\htdocs\CodeIgniter\system\CodeIgniter.php(509): CodeIgniter\CodeIgniter->runController(Object(App\Controllers\YatraProgress))
#7 C:\xampp\htdocs\CodeIgniter\system\CodeIgniter.php(355): CodeIgniter\CodeIgniter->handleRequest(NULL, Object(Config\Cache), false)
#8 C:\xampp\htdocs\CodeIgniter\system\Boot.php(325): CodeIgniter\CodeIgniter->run()
#9 C:\xampp\htdocs\CodeIgniter\system\Boot.php(67): CodeIgniter\Boot::runCodeIgniter(Object(CodeIgniter\CodeIgniter))
#10 C:\xampp\htdocs\CodeIgniter\public\index.php(56): CodeIgniter\Boot::bootWeb(Object(Config\Paths))
#11 C:\xampp\htdocs\CodeIgniter\system\rewrite.php(44): require_once('C:\\xampp\\htdocs...')
#12 {main}
CRITICAL - 2025-04-07 08:17:25 --> CodeIgniter\Database\Exceptions\DatabaseException: Unable to connect to the database.
Main connection [MySQLi]: Host 'localhost' is not allowed to connect to this MariaDB server
[Method: GET, Route: yatra/stops]
in SYSTEMPATH\Database\BaseConnection.php on line 467.
 1 SYSTEMPATH\Database\BaseConnection.php(616): CodeIgniter\Database\BaseConnection->initialize()
 2 SYSTEMPATH\Database\BaseBuilder.php(1644): CodeIgniter\Database\BaseConnection->query('SELECT *
FROM `yatra_stops`
ORDER BY `date` ASC', [], false)
 3 APPPATH\Models\YatraStopModel.php(18): CodeIgniter\Database\BaseBuilder->get()
 4 APPPATH\Controllers\YatraProgress.php(15): App\Models\YatraStopModel->getStopsWithRoutes()
 5 SYSTEMPATH\CodeIgniter.php(933): App\Controllers\YatraProgress->listStops()
 6 SYSTEMPATH\CodeIgniter.php(509): CodeIgniter\CodeIgniter->runController(Object(App\Controllers\YatraProgress))
 7 SYSTEMPATH\CodeIgniter.php(355): CodeIgniter\CodeIgniter->handleRequest(null, Object(Config\Cache), false)
 8 SYSTEMPATH\Boot.php(325): CodeIgniter\CodeIgniter->run()
 9 SYSTEMPATH\Boot.php(67): CodeIgniter\Boot::runCodeIgniter(Object(CodeIgniter\CodeIgniter))
10 FCPATH\index.php(56): CodeIgniter\Boot::bootWeb(Object(Config\Paths))
11 SYSTEMPATH\rewrite.php(44): require_once('C:\\xampp\\htdocs\\CodeIgniter\\public\\index.php')
ERROR - 2025-04-07 08:20:14 --> Error connecting to the database: mysqli_sql_exception: Host 'localhost' is not allowed to connect to this MariaDB server in C:\xampp\htdocs\CodeIgniter\system\Database\MySQLi\Connection.php:186
Stack trace:
#0 C:\xampp\htdocs\CodeIgniter\system\Database\MySQLi\Connection.php(186): mysqli->real_connect('localhost', 'root', Object(SensitiveParameterValue), 'palkhi_tracker_...', 3306, '', 0)
#1 C:\xampp\htdocs\CodeIgniter\system\Database\BaseConnection.php(421): CodeIgniter\Database\MySQLi\Connection->connect(false)
#2 C:\xampp\htdocs\CodeIgniter\system\Database\BaseConnection.php(616): CodeIgniter\Database\BaseConnection->initialize()
#3 C:\xampp\htdocs\CodeIgniter\system\Database\BaseBuilder.php(1644): CodeIgniter\Database\BaseConnection->query('SELECT *\nFROM `...', Array, false)
#4 C:\xampp\htdocs\CodeIgniter\app\Models\YatraStopModel.php(18): CodeIgniter\Database\BaseBuilder->get()
#5 C:\xampp\htdocs\CodeIgniter\app\Controllers\YatraProgress.php(15): App\Models\YatraStopModel->getStopsWithRoutes()
#6 C:\xampp\htdocs\CodeIgniter\system\CodeIgniter.php(933): App\Controllers\YatraProgress->listStops()
#7 C:\xampp\htdocs\CodeIgniter\system\CodeIgniter.php(509): CodeIgniter\CodeIgniter->runController(Object(App\Controllers\YatraProgress))
#8 C:\xampp\htdocs\CodeIgniter\system\CodeIgniter.php(355): CodeIgniter\CodeIgniter->handleRequest(NULL, Object(Config\Cache), false)
#9 C:\xampp\htdocs\CodeIgniter\system\Boot.php(325): CodeIgniter\CodeIgniter->run()
#10 C:\xampp\htdocs\CodeIgniter\system\Boot.php(67): CodeIgniter\Boot::runCodeIgniter(Object(CodeIgniter\CodeIgniter))
#11 C:\xampp\htdocs\CodeIgniter\public\index.php(56): CodeIgniter\Boot::bootWeb(Object(Config\Paths))
#12 {main}

Next CodeIgniter\Database\Exceptions\DatabaseException: Host 'localhost' is not allowed to connect to this MariaDB server in C:\xampp\htdocs\CodeIgniter\system\Database\MySQLi\Connection.php:231
Stack trace:
#0 C:\xampp\htdocs\CodeIgniter\system\Database\BaseConnection.php(421): CodeIgniter\Database\MySQLi\Connection->connect(false)
#1 C:\xampp\htdocs\CodeIgniter\system\Database\BaseConnection.php(616): CodeIgniter\Database\BaseConnection->initialize()
#2 C:\xampp\htdocs\CodeIgniter\system\Database\BaseBuilder.php(1644): CodeIgniter\Database\BaseConnection->query('SELECT *\nFROM `...', Array, false)
#3 C:\xampp\htdocs\CodeIgniter\app\Models\YatraStopModel.php(18): CodeIgniter\Database\BaseBuilder->get()
#4 C:\xampp\htdocs\CodeIgniter\app\Controllers\YatraProgress.php(15): App\Models\YatraStopModel->getStopsWithRoutes()
#5 C:\xampp\htdocs\CodeIgniter\system\CodeIgniter.php(933): App\Controllers\YatraProgress->listStops()
#6 C:\xampp\htdocs\CodeIgniter\system\CodeIgniter.php(509): CodeIgniter\CodeIgniter->runController(Object(App\Controllers\YatraProgress))
#7 C:\xampp\htdocs\CodeIgniter\system\CodeIgniter.php(355): CodeIgniter\CodeIgniter->handleRequest(NULL, Object(Config\Cache), false)
#8 C:\xampp\htdocs\CodeIgniter\system\Boot.php(325): CodeIgniter\CodeIgniter->run()
#9 C:\xampp\htdocs\CodeIgniter\system\Boot.php(67): CodeIgniter\Boot::runCodeIgniter(Object(CodeIgniter\CodeIgniter))
#10 C:\xampp\htdocs\CodeIgniter\public\index.php(56): CodeIgniter\Boot::bootWeb(Object(Config\Paths))
#11 {main}
CRITICAL - 2025-04-07 08:20:14 --> CodeIgniter\Database\Exceptions\DatabaseException: Unable to connect to the database.
Main connection [MySQLi]: Host 'localhost' is not allowed to connect to this MariaDB server
[Method: GET, Route: yatra/stops]
in SYSTEMPATH\Database\BaseConnection.php on line 467.
 1 SYSTEMPATH\Database\BaseConnection.php(616): CodeIgniter\Database\BaseConnection->initialize()
 2 SYSTEMPATH\Database\BaseBuilder.php(1644): CodeIgniter\Database\BaseConnection->query('SELECT *
FROM `yatra_stops`
ORDER BY `date` ASC', [], false)
 3 APPPATH\Models\YatraStopModel.php(18): CodeIgniter\Database\BaseBuilder->get()
 4 APPPATH\Controllers\YatraProgress.php(15): App\Models\YatraStopModel->getStopsWithRoutes()
 5 SYSTEMPATH\CodeIgniter.php(933): App\Controllers\YatraProgress->listStops()
 6 SYSTEMPATH\CodeIgniter.php(509): CodeIgniter\CodeIgniter->runController(Object(App\Controllers\YatraProgress))
 7 SYSTEMPATH\CodeIgniter.php(355): CodeIgniter\CodeIgniter->handleRequest(null, Object(Config\Cache), false)
 8 SYSTEMPATH\Boot.php(325): CodeIgniter\CodeIgniter->run()
 9 SYSTEMPATH\Boot.php(67): CodeIgniter\Boot::runCodeIgniter(Object(CodeIgniter\CodeIgniter))
10 FCPATH\index.php(56): CodeIgniter\Boot::bootWeb(Object(Config\Paths))
ERROR - 2025-04-07 08:20:17 --> Error connecting to the database: mysqli_sql_exception: Host 'localhost' is not allowed to connect to this MariaDB server in C:\xampp\htdocs\CodeIgniter\system\Database\MySQLi\Connection.php:186
Stack trace:
#0 C:\xampp\htdocs\CodeIgniter\system\Database\MySQLi\Connection.php(186): mysqli->real_connect('localhost', 'root', Object(SensitiveParameterValue), 'palkhi_tracker_...', 3306, '', 0)
#1 C:\xampp\htdocs\CodeIgniter\system\Database\BaseConnection.php(421): CodeIgniter\Database\MySQLi\Connection->connect(false)
#2 C:\xampp\htdocs\CodeIgniter\system\Database\BaseConnection.php(616): CodeIgniter\Database\BaseConnection->initialize()
#3 C:\xampp\htdocs\CodeIgniter\system\Database\BaseBuilder.php(1644): CodeIgniter\Database\BaseConnection->query('SELECT *\nFROM `...', Array, false)
#4 C:\xampp\htdocs\CodeIgniter\app\Models\YatraStopModel.php(18): CodeIgniter\Database\BaseBuilder->get()
#5 C:\xampp\htdocs\CodeIgniter\app\Controllers\YatraProgress.php(15): App\Models\YatraStopModel->getStopsWithRoutes()
#6 C:\xampp\htdocs\CodeIgniter\system\CodeIgniter.php(933): App\Controllers\YatraProgress->listStops()
#7 C:\xampp\htdocs\CodeIgniter\system\CodeIgniter.php(509): CodeIgniter\CodeIgniter->runController(Object(App\Controllers\YatraProgress))
#8 C:\xampp\htdocs\CodeIgniter\system\CodeIgniter.php(355): CodeIgniter\CodeIgniter->handleRequest(NULL, Object(Config\Cache), false)
#9 C:\xampp\htdocs\CodeIgniter\system\Boot.php(325): CodeIgniter\CodeIgniter->run()
#10 C:\xampp\htdocs\CodeIgniter\system\Boot.php(67): CodeIgniter\Boot::runCodeIgniter(Object(CodeIgniter\CodeIgniter))
#11 C:\xampp\htdocs\CodeIgniter\public\index.php(56): CodeIgniter\Boot::bootWeb(Object(Config\Paths))
#12 {main}

Next CodeIgniter\Database\Exceptions\DatabaseException: Host 'localhost' is not allowed to connect to this MariaDB server in C:\xampp\htdocs\CodeIgniter\system\Database\MySQLi\Connection.php:231
Stack trace:
#0 C:\xampp\htdocs\CodeIgniter\system\Database\BaseConnection.php(421): CodeIgniter\Database\MySQLi\Connection->connect(false)
#1 C:\xampp\htdocs\CodeIgniter\system\Database\BaseConnection.php(616): CodeIgniter\Database\BaseConnection->initialize()
#2 C:\xampp\htdocs\CodeIgniter\system\Database\BaseBuilder.php(1644): CodeIgniter\Database\BaseConnection->query('SELECT *\nFROM `...', Array, false)
#3 C:\xampp\htdocs\CodeIgniter\app\Models\YatraStopModel.php(18): CodeIgniter\Database\BaseBuilder->get()
#4 C:\xampp\htdocs\CodeIgniter\app\Controllers\YatraProgress.php(15): App\Models\YatraStopModel->getStopsWithRoutes()
#5 C:\xampp\htdocs\CodeIgniter\system\CodeIgniter.php(933): App\Controllers\YatraProgress->listStops()
#6 C:\xampp\htdocs\CodeIgniter\system\CodeIgniter.php(509): CodeIgniter\CodeIgniter->runController(Object(App\Controllers\YatraProgress))
#7 C:\xampp\htdocs\CodeIgniter\system\CodeIgniter.php(355): CodeIgniter\CodeIgniter->handleRequest(NULL, Object(Config\Cache), false)
#8 C:\xampp\htdocs\CodeIgniter\system\Boot.php(325): CodeIgniter\CodeIgniter->run()
#9 C:\xampp\htdocs\CodeIgniter\system\Boot.php(67): CodeIgniter\Boot::runCodeIgniter(Object(CodeIgniter\CodeIgniter))
#10 C:\xampp\htdocs\CodeIgniter\public\index.php(56): CodeIgniter\Boot::bootWeb(Object(Config\Paths))
#11 {main}
CRITICAL - 2025-04-07 08:20:17 --> CodeIgniter\Database\Exceptions\DatabaseException: Unable to connect to the database.
Main connection [MySQLi]: Host 'localhost' is not allowed to connect to this MariaDB server
[Method: GET, Route: yatra/stops]
in SYSTEMPATH\Database\BaseConnection.php on line 467.
 1 SYSTEMPATH\Database\BaseConnection.php(616): CodeIgniter\Database\BaseConnection->initialize()
 2 SYSTEMPATH\Database\BaseBuilder.php(1644): CodeIgniter\Database\BaseConnection->query('SELECT *
FROM `yatra_stops`
ORDER BY `date` ASC', [], false)
 3 APPPATH\Models\YatraStopModel.php(18): CodeIgniter\Database\BaseBuilder->get()
 4 APPPATH\Controllers\YatraProgress.php(15): App\Models\YatraStopModel->getStopsWithRoutes()
 5 SYSTEMPATH\CodeIgniter.php(933): App\Controllers\YatraProgress->listStops()
 6 SYSTEMPATH\CodeIgniter.php(509): CodeIgniter\CodeIgniter->runController(Object(App\Controllers\YatraProgress))
 7 SYSTEMPATH\CodeIgniter.php(355): CodeIgniter\CodeIgniter->handleRequest(null, Object(Config\Cache), false)
 8 SYSTEMPATH\Boot.php(325): CodeIgniter\CodeIgniter->run()
 9 SYSTEMPATH\Boot.php(67): CodeIgniter\Boot::runCodeIgniter(Object(CodeIgniter\CodeIgniter))
10 FCPATH\index.php(56): CodeIgniter\Boot::bootWeb(Object(Config\Paths))
ERROR - 2025-04-07 08:20:53 --> Error connecting to the database: mysqli_sql_exception: Host 'localhost' is not allowed to connect to this MariaDB server in C:\xampp\htdocs\CodeIgniter\system\Database\MySQLi\Connection.php:186
Stack trace:
#0 C:\xampp\htdocs\CodeIgniter\system\Database\MySQLi\Connection.php(186): mysqli->real_connect('localhost', 'root', Object(SensitiveParameterValue), 'palkhi_tracker_...', 3306, '', 0)
#1 C:\xampp\htdocs\CodeIgniter\system\Database\BaseConnection.php(421): CodeIgniter\Database\MySQLi\Connection->connect(false)
#2 C:\xampp\htdocs\CodeIgniter\system\Database\BaseConnection.php(616): CodeIgniter\Database\BaseConnection->initialize()
#3 C:\xampp\htdocs\CodeIgniter\system\Database\BaseBuilder.php(1644): CodeIgniter\Database\BaseConnection->query('SELECT *\nFROM `...', Array, false)
#4 C:\xampp\htdocs\CodeIgniter\app\Models\YatraStopModel.php(18): CodeIgniter\Database\BaseBuilder->get()
#5 C:\xampp\htdocs\CodeIgniter\app\Controllers\YatraProgress.php(15): App\Models\YatraStopModel->getStopsWithRoutes()
#6 C:\xampp\htdocs\CodeIgniter\system\CodeIgniter.php(933): App\Controllers\YatraProgress->listStops()
#7 C:\xampp\htdocs\CodeIgniter\system\CodeIgniter.php(509): CodeIgniter\CodeIgniter->runController(Object(App\Controllers\YatraProgress))
#8 C:\xampp\htdocs\CodeIgniter\system\CodeIgniter.php(355): CodeIgniter\CodeIgniter->handleRequest(NULL, Object(Config\Cache), false)
#9 C:\xampp\htdocs\CodeIgniter\system\Boot.php(325): CodeIgniter\CodeIgniter->run()
#10 C:\xampp\htdocs\CodeIgniter\system\Boot.php(67): CodeIgniter\Boot::runCodeIgniter(Object(CodeIgniter\CodeIgniter))
#11 C:\xampp\htdocs\CodeIgniter\public\index.php(56): CodeIgniter\Boot::bootWeb(Object(Config\Paths))
#12 {main}

Next CodeIgniter\Database\Exceptions\DatabaseException: Host 'localhost' is not allowed to connect to this MariaDB server in C:\xampp\htdocs\CodeIgniter\system\Database\MySQLi\Connection.php:231
Stack trace:
#0 C:\xampp\htdocs\CodeIgniter\system\Database\BaseConnection.php(421): CodeIgniter\Database\MySQLi\Connection->connect(false)
#1 C:\xampp\htdocs\CodeIgniter\system\Database\BaseConnection.php(616): CodeIgniter\Database\BaseConnection->initialize()
#2 C:\xampp\htdocs\CodeIgniter\system\Database\BaseBuilder.php(1644): CodeIgniter\Database\BaseConnection->query('SELECT *\nFROM `...', Array, false)
#3 C:\xampp\htdocs\CodeIgniter\app\Models\YatraStopModel.php(18): CodeIgniter\Database\BaseBuilder->get()
#4 C:\xampp\htdocs\CodeIgniter\app\Controllers\YatraProgress.php(15): App\Models\YatraStopModel->getStopsWithRoutes()
#5 C:\xampp\htdocs\CodeIgniter\system\CodeIgniter.php(933): App\Controllers\YatraProgress->listStops()
#6 C:\xampp\htdocs\CodeIgniter\system\CodeIgniter.php(509): CodeIgniter\CodeIgniter->runController(Object(App\Controllers\YatraProgress))
#7 C:\xampp\htdocs\CodeIgniter\system\CodeIgniter.php(355): CodeIgniter\CodeIgniter->handleRequest(NULL, Object(Config\Cache), false)
#8 C:\xampp\htdocs\CodeIgniter\system\Boot.php(325): CodeIgniter\CodeIgniter->run()
#9 C:\xampp\htdocs\CodeIgniter\system\Boot.php(67): CodeIgniter\Boot::runCodeIgniter(Object(CodeIgniter\CodeIgniter))
#10 C:\xampp\htdocs\CodeIgniter\public\index.php(56): CodeIgniter\Boot::bootWeb(Object(Config\Paths))
#11 {main}
CRITICAL - 2025-04-07 08:20:53 --> CodeIgniter\Database\Exceptions\DatabaseException: Unable to connect to the database.
Main connection [MySQLi]: Host 'localhost' is not allowed to connect to this MariaDB server
[Method: GET, Route: yatra/stops]
in SYSTEMPATH\Database\BaseConnection.php on line 467.
 1 SYSTEMPATH\Database\BaseConnection.php(616): CodeIgniter\Database\BaseConnection->initialize()
 2 SYSTEMPATH\Database\BaseBuilder.php(1644): CodeIgniter\Database\BaseConnection->query('SELECT *
FROM `yatra_stops`
ORDER BY `date` ASC', [], false)
 3 APPPATH\Models\YatraStopModel.php(18): CodeIgniter\Database\BaseBuilder->get()
 4 APPPATH\Controllers\YatraProgress.php(15): App\Models\YatraStopModel->getStopsWithRoutes()
 5 SYSTEMPATH\CodeIgniter.php(933): App\Controllers\YatraProgress->listStops()
 6 SYSTEMPATH\CodeIgniter.php(509): CodeIgniter\CodeIgniter->runController(Object(App\Controllers\YatraProgress))
 7 SYSTEMPATH\CodeIgniter.php(355): CodeIgniter\CodeIgniter->handleRequest(null, Object(Config\Cache), false)
 8 SYSTEMPATH\Boot.php(325): CodeIgniter\CodeIgniter->run()
 9 SYSTEMPATH\Boot.php(67): CodeIgniter\Boot::runCodeIgniter(Object(CodeIgniter\CodeIgniter))
10 FCPATH\index.php(56): CodeIgniter\Boot::bootWeb(Object(Config\Paths))
